Archive member included to satisfy reference by file (symbol)

/home/guugen/esp/esp8266/ESP8266_RTOS_SDK/examples/peripherals/uart_echo/build/bootloader/main/libmain.a(bootloader_start.o)
                              (call_start_cpu)
/home/guugen/esp/esp8266/ESP8266_RTOS_SDK/examples/peripherals/uart_echo/build/bootloader/bootloader_support/libbootloader_support.a(bootloader_init.o)
                              /home/guugen/esp/esp8266/ESP8266_RTOS_SDK/examples/peripherals/uart_echo/build/bootloader/main/libmain.a(bootloader_start.o) (bootloader_init)
/home/guugen/esp/esp8266/ESP8266_RTOS_SDK/examples/peripherals/uart_echo/build/bootloader/bootloader_support/libbootloader_support.a(bootloader_utility.o)
                              /home/guugen/esp/esp8266/ESP8266_RTOS_SDK/examples/peripherals/uart_echo/build/bootloader/main/libmain.a(bootloader_start.o) (bootloader_utility_load_partition_table)
/home/guugen/esp/esp8266/ESP8266_RTOS_SDK/examples/peripherals/uart_echo/build/bootloader/bootloader_support/libbootloader_support.a(esp_image_format.o)
                              /home/guugen/esp/esp8266/ESP8266_RTOS_SDK/examples/peripherals/uart_echo/build/bootloader/bootloader_support/libbootloader_support.a(bootloader_utility.o) (esp_image_load)
/home/guugen/esp/esp8266/ESP8266_RTOS_SDK/examples/peripherals/uart_echo/build/bootloader/bootloader_support/libbootloader_support.a(flash_partitions.o)
                              /home/guugen/esp/esp8266/ESP8266_RTOS_SDK/examples/peripherals/uart_echo/build/bootloader/bootloader_support/libbootloader_support.a(bootloader_utility.o) (esp_partition_table_basic_verify)
/home/guugen/esp/esp8266/ESP8266_RTOS_SDK/examples/peripherals/uart_echo/build/bootloader/bootloader_support/libbootloader_support.a(bootloader_common.o)
                              /home/guugen/esp/esp8266/ESP8266_RTOS_SDK/examples/peripherals/uart_echo/build/bootloader/bootloader_support/libbootloader_support.a(bootloader_utility.o) (bootloader_common_ota_select_valid)
/home/guugen/esp/esp8266/ESP8266_RTOS_SDK/examples/peripherals/uart_echo/build/bootloader/bootloader_support/libbootloader_support.a(bootloader_flash.o)
                              /home/guugen/esp/esp8266/ESP8266_RTOS_SDK/examples/peripherals/uart_echo/build/bootloader/bootloader_support/libbootloader_support.a(bootloader_utility.o) (bootloader_mmap)
/home/guugen/esp/esp8266/ESP8266_RTOS_SDK/examples/peripherals/uart_echo/build/bootloader/spi_flash/libspi_flash.a(spi_flash.o)
                              /home/guugen/esp/esp8266/ESP8266_RTOS_SDK/examples/peripherals/uart_echo/build/bootloader/bootloader_support/libbootloader_support.a(flash_partitions.o) (g_rom_flashchip)
/home/guugen/esp/esp8266/ESP8266_RTOS_SDK/examples/peripherals/uart_echo/build/bootloader/spi_flash/libspi_flash.a(spi_flash_raw.o)
                              /home/guugen/esp/esp8266/ESP8266_RTOS_SDK/examples/peripherals/uart_echo/build/bootloader/spi_flash/libspi_flash.a(spi_flash.o) (spi_flash_get_id_raw)
/home/guugen/esp/esp8266/ESP8266_RTOS_SDK/examples/peripherals/uart_echo/build/bootloader/log/liblog.a(log.o)
                              /home/guugen/esp/esp8266/ESP8266_RTOS_SDK/examples/peripherals/uart_echo/build/bootloader/bootloader_support/libbootloader_support.a(bootloader_common.o) (esp_log_early_timestamp)
/home/guugen/esp/esp8266/ESP8266_RTOS_SDK/examples/peripherals/uart_echo/build/bootloader/esp8266/libesp8266.a(ets_printf.o)
                              /home/guugen/esp/esp8266/ESP8266_RTOS_SDK/examples/peripherals/uart_echo/build/bootloader/log/liblog.a(log.o) (ets_vprintf)
/home/guugen/esp/esp8266/ESP8266_RTOS_SDK/examples/peripherals/uart_echo/build/bootloader/esp8266/libesp8266.a(crc.o)
                              /home/guugen/esp/esp8266/ESP8266_RTOS_SDK/examples/peripherals/uart_echo/build/bootloader/bootloader_support/libbootloader_support.a(bootloader_common.o) (crc32_le)
/home/guugen/esp/esp8266/ESP8266_RTOS_SDK/examples/peripherals/uart_echo/build/bootloader/esp8266/libesp8266.a(esp_fast_boot.o)
                              /home/guugen/esp/esp8266/ESP8266_RTOS_SDK/examples/peripherals/uart_echo/build/bootloader/bootloader_support/libbootloader_support.a(bootloader_utility.o) (esp_fast_boot_get_info)
/home/guugen/esp/esp8266/ESP8266_RTOS_SDK/components/esp8266/lib/libcore.a(phy.o)
                              /home/guugen/esp/esp8266/ESP8266_RTOS_SDK/examples/peripherals/uart_echo/build/bootloader/bootloader_support/libbootloader_support.a(bootloader_init.o) (phy_reg_default)

Allocating common symbols
Common symbol       size              file

esp_image_spi_freq_t
                    0x4               /home/guugen/esp/esp8266/ESP8266_RTOS_SDK/examples/peripherals/uart_echo/build/bootloader/main/libmain.a(bootloader_start.o)

Discarded input sections

 .text          0x0000000000000000        0x0 /home/guugen/esp/esp8266/ESP8266_RTOS_SDK/examples/peripherals/uart_echo/build/bootloader/main/libmain.a(bootloader_start.o)
[...]
Memory Configuration

Name             Origin             Length             Attributes
dport0_seg       0x000000003ff00000 0x0000000000000010
dram_seg         0x000000003ffe8000 0x0000000000017c00
iram_seg         0x0000000040100000 0x0000000000008000
*default*        0x0000000000000000 0xffffffffffffffff

Linker script and memory map

START GROUP
LOAD /home/guugen/esp/esp8266/ESP8266_RTOS_SDK/examples/peripherals/uart_echo/build/bootloader/main/libmain.a
LOAD /home/guugen/esp/esp8266/ESP8266_RTOS_SDK/components/esp8266/lib/libcore.a
LOAD /home/guugen/esp/esp8266/ESP8266_RTOS_SDK/examples/peripherals/uart_echo/build/bootloader/bootloader_support/libbootloader_support.a
LOAD /home/guugen/esp/esp8266/ESP8266_RTOS_SDK/examples/peripherals/uart_echo/build/bootloader/spi_flash/libspi_flash.a
LOAD /home/guugen/esp/esp8266/ESP8266_RTOS_SDK/examples/peripherals/uart_echo/build/bootloader/log/liblog.a
LOAD /home/guugen/esp/esp8266/ESP8266_RTOS_SDK/examples/peripherals/uart_echo/build/bootloader/esp8266/libesp8266.a
LOAD /home/guugen/esp/esp8266/ESP8266_RTOS_SDK/components/esp8266/lib/libgcc.a
LOAD /home/guugen/esp/toolchain/xtensa-lx106-elf/bin/../lib/gcc/xtensa-lx106-elf/8.4.0/../../../../xtensa-lx106-elf/lib/libstdc++.a
LOAD /home/guugen/esp/toolchain/xtensa-lx106-elf/bin/../lib/gcc/xtensa-lx106-elf/8.4.0/libgcov.a
END GROUP

.text           0x0000000040100000     0x1b81
                0x0000000040100000                _stext = .
                0x0000000040100000                _text_start = ABSOLUTE (.)
                0x0000000040100000                . = ALIGN (0x10)
 *(.entry.text)
 *(.init.literal)
 *(.init)
 *(.literal .text .literal.* .text.* .stub .gnu.warning .gnu.linkonce.literal.* .gnu.linkonce.t.*.literal .gnu.linkonce.t.*)
 .literal.selected_boot_partition
                0x0000000040100000        0x0 /home/guugen/esp/esp8266/ESP8266_RTOS_SDK/examples/peripherals/uart_echo/build/bootloader/main/libmain.a(bootloader_start.o)
                                          0x4 (size before relaxing)
 .literal.select_image
                0x0000000040100000        0xc /home/guugen/esp/esp8266/ESP8266_RTOS_SDK/examples/peripherals/uart_echo/build/bootloader/main/libmain.a(bootloader_start.o)
                                         0x1c (size before relaxing)
 .literal.call_start_cpu
                0x000000004010000c        0x0 /home/guugen/esp/esp8266/ESP8266_RTOS_SDK/examples/peripherals/uart_echo/build/bootloader/main/libmain.a(bootloader_start.o)
                                          0xc (size before relaxing)
 .literal.print_flash_info
                0x000000004010000c       0x48 /home/guugen/esp/esp8266/ESP8266_RTOS_SDK/examples/peripherals/uart_echo/build/bootloader/bootloader_support/libbootloader_support.a(bootloader_init.o)
                                         0x54 (size before relaxing)
 .literal.update_flash_config
                0x0000000040100054        0x4 /home/guugen/esp/esp8266/ESP8266_RTOS_SDK/examples/peripherals/uart_echo/build/bootloader/bootloader_support/libbootloader_support.a(bootloader_init.o)
                                          0x8 (size before relaxing)
 .literal.bootloader_main
                0x0000000040100058       0x10 /home/guugen/esp/esp8266/ESP8266_RTOS_SDK/examples/peripherals/uart_echo/build/bootloader/bootloader_support/libbootloader_support.a(bootloader_init.o)
                                         0x30 (size before relaxing)
 .literal.bootloader_init
                0x0000000040100068        0x8 /home/guugen/esp/esp8266/ESP8266_RTOS_SDK/examples/peripherals/uart_echo/build/bootloader/bootloader_support/libbootloader_support.a(bootloader_init.o)
                                         0x10 (size before relaxing)
 .literal.bootloader_utility_start_image
                0x0000000040100070        0x0 /home/guugen/esp/esp8266/ESP8266_RTOS_SDK/examples/peripherals/uart_echo/build/bootloader/bootloader_support/libbootloader_support.a(bootloader_utility.o)
                                          0x4 (size before relaxing)
 .literal.log_invalid_app_partition
                0x0000000040100070       0x14 /home/guugen/esp/esp8266/ESP8266_RTOS_SDK/examples/peripherals/uart_echo/build/bootloader/bootloader_support/libbootloader_support.a(bootloader_utility.o)
                                         0x20 (size before relaxing)
 .literal.try_load_partition
                0x0000000040100084        0x4 /home/guugen/esp/esp8266/ESP8266_RTOS_SDK/examples/peripherals/uart_echo/build/bootloader/bootloader_support/libbootloader_support.a(bootloader_utility.o)
                                         0x10 (size before relaxing)
 .literal.bootloader_utility_load_partition_table
                0x0000000040100088       0x4c /home/guugen/esp/esp8266/ESP8266_RTOS_SDK/examples/peripherals/uart_echo/build/bootloader/bootloader_support/libbootloader_support.a(bootloader_utility.o)
                                         0x74 (size before relaxing)
 .literal.bootloader_utility_get_selected_boot_partition
                0x00000000401000d4       0x1c /home/guugen/esp/esp8266/ESP8266_RTOS_SDK/examples/peripherals/uart_echo/build/bootloader/bootloader_support/libbootloader_support.a(bootloader_utility.o)
                                         0x5c (size before relaxing)
 .literal.bootloader_utility_load_boot_image
                0x00000000401000f0        0xc /home/guugen/esp/esp8266/ESP8266_RTOS_SDK/examples/peripherals/uart_echo/build/bootloader/bootloader_support/libbootloader_support.a(bootloader_utility.o)
                                         0x40 (size before relaxing)
 .literal.bootloader_utility_load_image
                0x00000000401000fc        0x0 /home/guugen/esp/esp8266/ESP8266_RTOS_SDK/examples/peripherals/uart_echo/build/bootloader/bootloader_support/libbootloader_support.a(bootloader_utility.o)
                                          0x4 (size before relaxing)
 .literal.should_map
                0x00000000401000fc        0x8 /home/guugen/esp/esp8266/ESP8266_RTOS_SDK/examples/peripherals/uart_echo/build/bootloader/bootloader_support/libbootloader_support.a(esp_image_format.o)
 .literal.should_load
                0x0000000040100104        0x0 /home/guugen/esp/esp8266/ESP8266_RTOS_SDK/examples/peripherals/uart_echo/build/bootloader/bootloader_support/libbootloader_support.a(esp_image_format.o)
                                          0x4 (size before relaxing)
 .literal.verify_image_header
                0x0000000040100104       0x14 /home/guugen/esp/esp8266/ESP8266_RTOS_SDK/examples/peripherals/uart_echo/build/bootloader/bootloader_support/libbootloader_support.a(esp_image_format.o)
                                         0x20 (size before relaxing)
 .literal.process_segment_data
                0x0000000040100118        0x8 /home/guugen/esp/esp8266/ESP8266_RTOS_SDK/examples/peripherals/uart_echo/build/bootloader/bootloader_support/libbootloader_support.a(esp_image_format.o)
                                         0x14 (size before relaxing)
 .literal.verify_checksum
                0x0000000040100120        0x8 /home/guugen/esp/esp8266/ESP8266_RTOS_SDK/examples/peripherals/uart_echo/build/bootloader/bootloader_support/libbootloader_support.a(esp_image_format.o)
                                         0x1c (size before relaxing)
 .literal.process_segment
                0x0000000040100128       0x18 /home/guugen/esp/esp8266/ESP8266_RTOS_SDK/examples/peripherals/uart_echo/build/bootloader/bootloader_support/libbootloader_support.a(esp_image_format.o)
                                         0x40 (size before relaxing)
 .literal.esp_image_load
                0x0000000040100140       0x14 /home/guugen/esp/esp8266/ESP8266_RTOS_SDK/examples/peripherals/uart_echo/build/bootloader/bootloader_support/libbootloader_support.a(esp_image_format.o)
                                         0x44 (size before relaxing)
 .literal.esp_partition_table_basic_verify
                0x0000000040100154       0x1c /home/guugen/esp/esp8266/ESP8266_RTOS_SDK/examples/peripherals/uart_echo/build/bootloader/bootloader_support/libbootloader_support.a(flash_partitions.o)
                                         0x2c (size before relaxing)
 .literal.bootloader_common_ota_select_crc
                0x0000000040100170        0x0 /home/guugen/esp/esp8266/ESP8266_RTOS_SDK/examples/peripherals/uart_echo/build/bootloader/bootloader_support/libbootloader_support.a(bootloader_common.o)
                                          0x4 (size before relaxing)
 .literal.bootloader_common_ota_select_valid
                0x0000000040100170        0x0 /home/guugen/esp/esp8266/ESP8266_RTOS_SDK/examples/peripherals/uart_echo/build/bootloader/bootloader_support/libbootloader_support.a(bootloader_common.o)
                                          0x4 (size before relaxing)
 .literal.bootloader_flash_read_no_decrypt
                0x0000000040100170        0x4 /home/guugen/esp/esp8266/ESP8266_RTOS_SDK/examples/peripherals/uart_echo/build/bootloader/bootloader_support/libbootloader_support.a(bootloader_flash.o)
 .literal.bootloader_mmap
                0x0000000040100174       0x30 /home/guugen/esp/esp8266/ESP8266_RTOS_SDK/examples/peripherals/uart_echo/build/bootloader/bootloader_support/libbootloader_support.a(bootloader_flash.o)
                                         0x3c (size before relaxing)
 .literal.bootloader_munmap
                0x00000000401001a4        0x0 /home/guugen/esp/esp8266/ESP8266_RTOS_SDK/examples/peripherals/uart_echo/build/bootloader/bootloader_support/libbootloader_support.a(bootloader_flash.o)
                                          0x8 (size before relaxing)
 .literal.bootloader_flash_read
                0x00000000401001a4        0xc /home/guugen/esp/esp8266/ESP8266_RTOS_SDK/examples/peripherals/uart_echo/build/bootloader/bootloader_support/libbootloader_support.a(bootloader_flash.o)
                                         0x20 (size before relaxing)
 .literal.spi_user_cmd
                0x00000000401001b0        0x4 /home/guugen/esp/esp8266/ESP8266_RTOS_SDK/examples/peripherals/uart_echo/build/bootloader/spi_flash/libspi_flash.a(spi_flash.o)
                                          0xc (size before relaxing)
 .literal.special_flash_read_status
                0x00000000401001b4        0x0 /home/guugen/esp/esp8266/ESP8266_RTOS_SDK/examples/peripherals/uart_echo/build/bootloader/spi_flash/libspi_flash.a(spi_flash.o)
                                          0x4 (size before relaxing)
 .literal.flash_gd25q32c_read_status
                0x00000000401001b4        0x0 /home/guugen/esp/esp8266/ESP8266_RTOS_SDK/examples/peripherals/uart_echo/build/bootloader/spi_flash/libspi_flash.a(spi_flash.o)
                                          0x4 (size before relaxing)
 .literal.special_flash_write_status
                0x00000000401001b4        0x0 /home/guugen/esp/esp8266/ESP8266_RTOS_SDK/examples/peripherals/uart_echo/build/bootloader/spi_flash/libspi_flash.a(spi_flash.o)
                                          0x8 (size before relaxing)
 .literal.spi_flash_enable_qio_bit6
                0x00000000401001b4        0x0 /home/guugen/esp/esp8266/ESP8266_RTOS_SDK/examples/peripherals/uart_echo/build/bootloader/spi_flash/libspi_flash.a(spi_flash.o)
                                          0x4 (size before relaxing)
 .literal.flash_gd25q32c_write_status
                0x00000000401001b4        0x0 /home/guugen/esp/esp8266/ESP8266_RTOS_SDK/examples/peripherals/uart_echo/build/bootloader/spi_flash/libspi_flash.a(spi_flash.o)
                                          0x4 (size before relaxing)
 .literal.flash_gd25q32c_enable_QIO_mode
                0x00000000401001b4        0x0 /home/guugen/esp/esp8266/ESP8266_RTOS_SDK/examples/peripherals/uart_echo/build/bootloader/spi_flash/libspi_flash.a(spi_flash.o)
                                          0xc (size before relaxing)
 .literal.en25q16x_read_sfdp
                0x00000000401001b4        0x4 /home/guugen/esp/esp8266/ESP8266_RTOS_SDK/examples/peripherals/uart_echo/build/bootloader/spi_flash/libspi_flash.a(spi_flash.o)
                                          0x8 (size before relaxing)
 .literal.spi_flash_get_id
                0x00000000401001b8        0x0 /home/guugen/esp/esp8266/ESP8266_RTOS_SDK/examples/peripherals/uart_echo/build/bootloader/spi_flash/libspi_flash.a(spi_flash.o)
                                          0xc (size before relaxing)
 .literal.spi_flash_read_status
                0x00000000401001b8        0x0 /home/guugen/esp/esp8266/ESP8266_RTOS_SDK/examples/peripherals/uart_echo/build/bootloader/spi_flash/libspi_flash.a(spi_flash.o)
                                          0xc (size before relaxing)
 .literal.spi_flash_issi_enable_QIO_mode
                0x00000000401001b8        0x0 /home/guugen/esp/esp8266/ESP8266_RTOS_SDK/examples/peripherals/uart_echo/build/bootloader/spi_flash/libspi_flash.a(spi_flash.o)
                                          0xc (size before relaxing)
 .literal.special_flash_set_mode
                0x00000000401001b8        0x0 /home/guugen/esp/esp8266/ESP8266_RTOS_SDK/examples/peripherals/uart_echo/build/bootloader/spi_flash/libspi_flash.a(spi_flash.o)
                                          0x8 (size before relaxing)
 .literal.en25q16x_write_volatile_status
                0x00000000401001b8        0x0 /home/guugen/esp/esp8266/ESP8266_RTOS_SDK/examples/peripherals/uart_echo/build/bootloader/spi_flash/libspi_flash.a(spi_flash.o)
                                         0x14 (size before relaxing)
 .literal.user_spi_flash_dio_to_qio_pre_init
                0x00000000401001b8        0xc /home/guugen/esp/esp8266/ESP8266_RTOS_SDK/examples/peripherals/uart_echo/build/bootloader/spi_flash/libspi_flash.a(spi_flash.o)
                                         0x30 (size before relaxing)
 .literal.esp_spi_flash_init
                0x00000000401001c4       0x20 /home/guugen/esp/esp8266/ESP8266_RTOS_SDK/examples/peripherals/uart_echo/build/bootloader/spi_flash/libspi_flash.a(spi_flash.o)
                                         0x28 (size before relaxing)
 .literal.Cache_Read_Disable_2
                0x00000000401001e4        0xc /home/guugen/esp/esp8266/ESP8266_RTOS_SDK/examples/peripherals/uart_echo/build/bootloader/spi_flash/libspi_flash.a(spi_flash_raw.o)
                                         0x10 (size before relaxing)
 .literal.Cache_Read_Enable_2
                0x00000000401001f0        0x4 /home/guugen/esp/esp8266/ESP8266_RTOS_SDK/examples/peripherals/uart_echo/build/bootloader/spi_flash/libspi_flash.a(spi_flash_raw.o)
                                          0xc (size before relaxing)
 .literal.spi_flash_get_id_raw
                0x00000000401001f4       0x10 /home/guugen/esp/esp8266/ESP8266_RTOS_SDK/examples/peripherals/uart_echo/build/bootloader/spi_flash/libspi_flash.a(spi_flash_raw.o)
                                         0x1c (size before relaxing)
 .literal.spi_flash_read_status_raw
                0x0000000040100204        0x4 /home/guugen/esp/esp8266/ESP8266_RTOS_SDK/examples/peripherals/uart_echo/build/bootloader/spi_flash/libspi_flash.a(spi_flash_raw.o)
                                          0xc (size before relaxing)
 .literal.spi_flash_enable_qmode_raw
                0x0000000040100208        0x4 /home/guugen/esp/esp8266/ESP8266_RTOS_SDK/examples/peripherals/uart_echo/build/bootloader/spi_flash/libspi_flash.a(spi_flash_raw.o)
                                         0x10 (size before relaxing)
 .literal.spi_user_cmd_raw
                0x000000004010020c       0x64 /home/guugen/esp/esp8266/ESP8266_RTOS_SDK/examples/peripherals/uart_echo/build/bootloader/spi_flash/libspi_flash.a(spi_flash_raw.o)
                                         0x8c (size before relaxing)
 .literal.spi_flash_switch_to_qio_raw
                0x0000000040100270        0x8 /home/guugen/esp/esp8266/ESP8266_RTOS_SDK/examples/peripherals/uart_echo/build/bootloader/spi_flash/libspi_flash.a(spi_flash_raw.o)
                                          0xc (size before relaxing)
 .literal.uart_putc
                0x0000000040100278        0x8 /home/guugen/esp/esp8266/ESP8266_RTOS_SDK/examples/peripherals/uart_echo/build/bootloader/esp8266/libesp8266.a(ets_printf.o)
 .literal.ets_putc
                0x0000000040100280        0x0 /home/guugen/esp/esp8266/ESP8266_RTOS_SDK/examples/peripherals/uart_echo/build/bootloader/esp8266/libesp8266.a(ets_printf.o)
                                          0x8 (size before relaxing)
 .literal.ets_vprintf
                0x0000000040100280        0x8 /home/guugen/esp/esp8266/ESP8266_RTOS_SDK/examples/peripherals/uart_echo/build/bootloader/esp8266/libesp8266.a(ets_printf.o)
 .literal.crc32_le
                0x0000000040100288        0x4 /home/guugen/esp/esp8266/ESP8266_RTOS_SDK/examples/peripherals/uart_echo/build/bootloader/esp8266/libesp8266.a(crc.o)
 .iram1.0.literal
                0x000000004010028c        0x8 /home/guugen/esp/esp8266/ESP8266_RTOS_SDK/examples/peripherals/uart_echo/build/bootloader/log/liblog.a(log.o)
 .iram1.1.literal
                0x0000000040100294       0x18 /home/guugen/esp/esp8266/ESP8266_RTOS_SDK/examples/peripherals/uart_echo/build/bootloader/log/liblog.a(log.o)
                                         0x30 (size before relaxing)
 .iram1.0.literal
                0x00000000401002ac        0x0 /home/guugen/esp/esp8266/ESP8266_RTOS_SDK/examples/peripherals/uart_echo/build/bootloader/esp8266/libesp8266.a(ets_printf.o)
                                          0x8 (size before relaxing)
 .text.selected_boot_partition
                0x00000000401002ac        0xf /home/guugen/esp/esp8266/ESP8266_RTOS_SDK/examples/peripherals/uart_echo/build/bootloader/main/libmain.a(bootloader_start.o)
                                         0x13 (size before relaxing)
 *fill*         0x00000000401002bb        0x1 
 .text.select_image
                0x00000000401002bc       0x68 /home/guugen/esp/esp8266/ESP8266_RTOS_SDK/examples/peripherals/uart_echo/build/bootloader/main/libmain.a(bootloader_start.o)
                                         0x70 (size before relaxing)
 .text.call_start_cpu
                0x0000000040100324       0x2a /home/guugen/esp/esp8266/ESP8266_RTOS_SDK/examples/peripherals/uart_echo/build/bootloader/main/libmain.a(bootloader_start.o)
                                         0x32 (size before relaxing)
                0x0000000040100324                call_start_cpu
 *fill*         0x000000004010034e        0x2 
 .text.print_flash_info
                0x0000000040100350       0xc7 /home/guugen/esp/esp8266/ESP8266_RTOS_SDK/examples/peripherals/uart_echo/build/bootloader/bootloader_support/libbootloader_support.a(bootloader_init.o)
                                         0xcb (size before relaxing)
 *fill*         0x0000000040100417        0x1 
 .text.update_flash_config
                0x0000000040100418       0x21 /home/guugen/esp/esp8266/ESP8266_RTOS_SDK/examples/peripherals/uart_echo/build/bootloader/bootloader_support/libbootloader_support.a(bootloader_init.o)
 *fill*         0x0000000040100439        0x3 
 .text.bootloader_main
                0x000000004010043c       0x69 /home/guugen/esp/esp8266/ESP8266_RTOS_SDK/examples/peripherals/uart_echo/build/bootloader/bootloader_support/libbootloader_support.a(bootloader_init.o)
                                         0x79 (size before relaxing)
 *fill*         0x00000000401004a5        0x3 
 .text.bootloader_init
                0x00000000401004a8       0x25 /home/guugen/esp/esp8266/ESP8266_RTOS_SDK/examples/peripherals/uart_echo/build/bootloader/bootloader_support/libbootloader_support.a(bootloader_init.o)
                                         0x29 (size before relaxing)
                0x00000000401004a8                bootloader_init
 *fill*         0x00000000401004cd        0x3 
 .text.bootloader_utility_start_image
                0x00000000401004d0       0x20 /home/guugen/esp/esp8266/ESP8266_RTOS_SDK/examples/peripherals/uart_echo/build/bootloader/bootloader_support/libbootloader_support.a(bootloader_utility.o)
                                         0x24 (size before relaxing)
 .text.log_invalid_app_partition
                0x00000000401004f0       0x4b /home/guugen/esp/esp8266/ESP8266_RTOS_SDK/examples/peripherals/uart_echo/build/bootloader/bootloader_support/libbootloader_support.a(bootloader_utility.o)
                                         0x53 (size before relaxing)
 *fill*         0x000000004010053b        0x1 
 .text.try_load_partition
                0x000000004010053c       0x3d /home/guugen/esp/esp8266/ESP8266_RTOS_SDK/examples/peripherals/uart_echo/build/bootloader/bootloader_support/libbootloader_support.a(bootloader_utility.o)
                                         0x41 (size before relaxing)
 *fill*         0x0000000040100579        0x3 
 .text.bootloader_utility_load_partition_table
                0x000000004010057c      0x170 /home/guugen/esp/esp8266/ESP8266_RTOS_SDK/examples/peripherals/uart_echo/build/bootloader/bootloader_support/libbootloader_support.a(bootloader_utility.o)
                                        0x184 (size before relaxing)
                0x000000004010057c                bootloader_utility_load_partition_table
 .text.bootloader_utility_get_selected_boot_partition
                0x00000000401006ec      0x13c /home/guugen/esp/esp8266/ESP8266_RTOS_SDK/examples/peripherals/uart_echo/build/bootloader/bootloader_support/libbootloader_support.a(bootloader_utility.o)
                                        0x14c (size before relaxing)
                0x00000000401006ec                bootloader_utility_get_selected_boot_partition
 .text.bootloader_utility_load_boot_image
                0x0000000040100828       0xd6 /home/guugen/esp/esp8266/ESP8266_RTOS_SDK/examples/peripherals/uart_echo/build/bootloader/bootloader_support/libbootloader_support.a(bootloader_utility.o)
                                         0xfa (size before relaxing)
                0x0000000040100828                bootloader_utility_load_boot_image
 *fill*         0x00000000401008fe        0x2 
 .text.bootloader_utility_load_image
                0x0000000040100900       0x19 /home/guugen/esp/esp8266/ESP8266_RTOS_SDK/examples/peripherals/uart_echo/build/bootloader/bootloader_support/libbootloader_support.a(bootloader_utility.o)
                0x0000000040100900                bootloader_utility_load_image
 *fill*         0x0000000040100919        0x3 
 .text.should_map
                0x000000004010091c       0x15 /home/guugen/esp/esp8266/ESP8266_RTOS_SDK/examples/peripherals/uart_echo/build/bootloader/bootloader_support/libbootloader_support.a(esp_image_format.o)
 *fill*         0x0000000040100931        0x3 
 .text.should_load
                0x0000000040100934       0x19 /home/guugen/esp/esp8266/ESP8266_RTOS_SDK/examples/peripherals/uart_echo/build/bootloader/bootloader_support/libbootloader_support.a(esp_image_format.o)
                                         0x1d (size before relaxing)
 *fill*         0x000000004010094d        0x3 
 .text.verify_image_header
                0x0000000040100950       0x7d /home/guugen/esp/esp8266/ESP8266_RTOS_SDK/examples/peripherals/uart_echo/build/bootloader/bootloader_support/libbootloader_support.a(esp_image_format.o)
                                         0x85 (size before relaxing)
 *fill*         0x00000000401009cd        0x3 
 .text.process_segment_data
                0x00000000401009d0       0x89 /home/guugen/esp/esp8266/ESP8266_RTOS_SDK/examples/peripherals/uart_echo/build/bootloader/bootloader_support/libbootloader_support.a(esp_image_format.o)
                                         0x91 (size before relaxing)
 *fill*         0x0000000040100a59        0x3 
 .text.verify_checksum
                0x0000000040100a5c       0x9c /home/guugen/esp/esp8266/ESP8266_RTOS_SDK/examples/peripherals/uart_echo/build/bootloader/bootloader_support/libbootloader_support.a(esp_image_format.o)
                                         0xa0 (size before relaxing)
 .text.process_segment
                0x0000000040100af8      0x10b /home/guugen/esp/esp8266/ESP8266_RTOS_SDK/examples/peripherals/uart_echo/build/bootloader/bootloader_support/libbootloader_support.a(esp_image_format.o)
                                        0x117 (size before relaxing)
 *fill*         0x0000000040100c03        0x1 
 .text.esp_image_load
                0x0000000040100c04      0x18d /home/guugen/esp/esp8266/ESP8266_RTOS_SDK/examples/peripherals/uart_echo/build/bootloader/bootloader_support/libbootloader_support.a(esp_image_format.o)
                                        0x1a5 (size before relaxing)
                0x0000000040100c04                esp_image_load
 *fill*         0x0000000040100d91        0x3 
 .text.esp_partition_table_basic_verify
                0x0000000040100d94       0xd7 /home/guugen/esp/esp8266/ESP8266_RTOS_SDK/examples/peripherals/uart_echo/build/bootloader/bootloader_support/libbootloader_support.a(flash_partitions.o)
                0x0000000040100d94                esp_partition_table_basic_verify
 *fill*         0x0000000040100e6b        0x1 
 .text.bootloader_common_ota_select_crc
                0x0000000040100e6c       0x18 /home/guugen/esp/esp8266/ESP8266_RTOS_SDK/examples/peripherals/uart_echo/build/bootloader/bootloader_support/libbootloader_support.a(bootloader_common.o)
                0x0000000040100e6c                bootloader_common_ota_select_crc
 .text.bootloader_common_ota_select_valid
                0x0000000040100e84       0x2c /home/guugen/esp/esp8266/ESP8266_RTOS_SDK/examples/peripherals/uart_echo/build/bootloader/bootloader_support/libbootloader_support.a(bootloader_common.o)
                0x0000000040100e84                bootloader_common_ota_select_valid
 .text.bootloader_flash_read_no_decrypt
                0x0000000040100eb0       0x15 /home/guugen/esp/esp8266/ESP8266_RTOS_SDK/examples/peripherals/uart_echo/build/bootloader/bootloader_support/libbootloader_support.a(bootloader_flash.o)
 *fill*         0x0000000040100ec5        0x3 
 .text.bootloader_mmap
                0x0000000040100ec8       0xa6 /home/guugen/esp/esp8266/ESP8266_RTOS_SDK/examples/peripherals/uart_echo/build/bootloader/bootloader_support/libbootloader_support.a(bootloader_flash.o)
                                         0xaa (size before relaxing)
                0x0000000040100ec8                bootloader_mmap
 *fill*         0x0000000040100f6e        0x2 
 .text.bootloader_munmap
                0x0000000040100f70       0x23 /home/guugen/esp/esp8266/ESP8266_RTOS_SDK/examples/peripherals/uart_echo/build/bootloader/bootloader_support/libbootloader_support.a(bootloader_flash.o)
                0x0000000040100f70                bootloader_munmap
 *fill*         0x0000000040100f93        0x1 
 .text.bootloader_flash_read
                0x0000000040100f94       0x60 /home/guugen/esp/esp8266/ESP8266_RTOS_SDK/examples/peripherals/uart_echo/build/bootloader/bootloader_support/libbootloader_support.a(bootloader_flash.o)
                                         0x63 (size before relaxing)
                0x0000000040100f94                bootloader_flash_read
 *fill*         0x0000000040100ff4        0x0 
 .text.spi_user_cmd
                0x0000000040100ff4       0x4d /home/guugen/esp/esp8266/ESP8266_RTOS_SDK/examples/peripherals/uart_echo/build/bootloader/spi_flash/libspi_flash.a(spi_flash.o)
                0x0000000040100ff4                spi_user_cmd
 *fill*         0x0000000040101041        0x3 
 .text.special_flash_read_status
                0x0000000040101044       0x39 /home/guugen/esp/esp8266/ESP8266_RTOS_SDK/examples/peripherals/uart_echo/build/bootloader/spi_flash/libspi_flash.a(spi_flash.o)
                                         0x3d (size before relaxing)
                0x0000000040101044                special_flash_read_status
 *fill*         0x000000004010107d        0x3 
 .text.flash_gd25q32c_read_status
                0x0000000040101080       0x33 /home/guugen/esp/esp8266/ESP8266_RTOS_SDK/examples/peripherals/uart_echo/build/bootloader/spi_flash/libspi_flash.a(spi_flash.o)
 *fill*         0x00000000401010b3        0x1 
 .text.special_flash_write_status
                0x00000000401010b4       0x5c /home/guugen/esp/esp8266/ESP8266_RTOS_SDK/examples/peripherals/uart_echo/build/bootloader/spi_flash/libspi_flash.a(spi_flash.o)
                                         0x60 (size before relaxing)
                0x00000000401010b4                special_flash_write_status
 .text.spi_flash_enable_qio_bit6
                0x0000000040101110       0x17 /home/guugen/esp/esp8266/ESP8266_RTOS_SDK/examples/peripherals/uart_echo/build/bootloader/spi_flash/libspi_flash.a(spi_flash.o)
                                         0x1b (size before relaxing)
 *fill*         0x0000000040101127        0x1 
 .text.flash_gd25q32c_write_status
                0x0000000040101128       0x30 /home/guugen/esp/esp8266/ESP8266_RTOS_SDK/examples/peripherals/uart_echo/build/bootloader/spi_flash/libspi_flash.a(spi_flash.o)
 .text.flash_gd25q32c_enable_QIO_mode
                0x0000000040101158       0x3e /home/guugen/esp/esp8266/ESP8266_RTOS_SDK/examples/peripherals/uart_echo/build/bootloader/spi_flash/libspi_flash.a(spi_flash.o)
                                         0x46 (size before relaxing)
 *fill*         0x0000000040101196        0x2 
 .text.en25q16x_read_sfdp
                0x0000000040101198       0x43 /home/guugen/esp/esp8266/ESP8266_RTOS_SDK/examples/peripherals/uart_echo/build/bootloader/spi_flash/libspi_flash.a(spi_flash.o)
                0x0000000040101198                en25q16x_read_sfdp
 *fill*         0x00000000401011db        0x1 
 .text.spi_flash_get_id
                0x00000000401011dc       0x26 /home/guugen/esp/esp8266/ESP8266_RTOS_SDK/examples/peripherals/uart_echo/build/bootloader/spi_flash/libspi_flash.a(spi_flash.o)
                0x00000000401011dc                spi_flash_get_id
 *fill*         0x0000000040101202        0x2 
 .text.spi_flash_read_status
                0x0000000040101204       0x28 /home/guugen/esp/esp8266/ESP8266_RTOS_SDK/examples/peripherals/uart_echo/build/bootloader/spi_flash/libspi_flash.a(spi_flash.o)
                0x0000000040101204                spi_flash_read_status
 .text.spi_flash_issi_enable_QIO_mode
                0x000000004010122c       0x43 /home/guugen/esp/esp8266/ESP8266_RTOS_SDK/examples/peripherals/uart_echo/build/bootloader/spi_flash/libspi_flash.a(spi_flash.o)
                                         0x4b (size before relaxing)
 *fill*         0x000000004010126f        0x1 
 .text.special_flash_set_mode
                0x0000000040101270       0x41 /home/guugen/esp/esp8266/ESP8266_RTOS_SDK/examples/peripherals/uart_echo/build/bootloader/spi_flash/libspi_flash.a(spi_flash.o)
                                         0x45 (size before relaxing)
                0x0000000040101270                special_flash_set_mode
 *fill*         0x00000000401012b1        0x3 
 .text.en25q16x_write_volatile_status
                0x00000000401012b4       0x4f /home/guugen/esp/esp8266/ESP8266_RTOS_SDK/examples/peripherals/uart_echo/build/bootloader/spi_flash/libspi_flash.a(spi_flash.o)
                                         0x5b (size before relaxing)
                0x00000000401012b4                en25q16x_write_volatile_status
 *fill*         0x0000000040101303        0x1 
 .text.user_spi_flash_dio_to_qio_pre_init
                0x0000000040101304       0x95 /home/guugen/esp/esp8266/ESP8266_RTOS_SDK/examples/peripherals/uart_echo/build/bootloader/spi_flash/libspi_flash.a(spi_flash.o)
                                         0xa1 (size before relaxing)
                0x0000000040101304                user_spi_flash_dio_to_qio_pre_init
 *fill*         0x0000000040101399        0x3 
 .text.esp_spi_flash_init
                0x000000004010139c       0xb9 /home/guugen/esp/esp8266/ESP8266_RTOS_SDK/examples/peripherals/uart_echo/build/bootloader/spi_flash/libspi_flash.a(spi_flash.o)
                                         0xc1 (size before relaxing)
                0x000000004010139c                esp_spi_flash_init
 *fill*         0x0000000040101455        0x3 
 .text.Cache_Read_Disable_2
                0x0000000040101458       0x34 /home/guugen/esp/esp8266/ESP8266_RTOS_SDK/examples/peripherals/uart_echo/build/bootloader/spi_flash/libspi_flash.a(spi_flash_raw.o)
                0x0000000040101458                Cache_Read_Disable_2
 .text.Cache_Read_Enable_2
                0x000000004010148c       0x28 /home/guugen/esp/esp8266/ESP8266_RTOS_SDK/examples/peripherals/uart_echo/build/bootloader/spi_flash/libspi_flash.a(spi_flash_raw.o)
                0x000000004010148c                Cache_Read_Enable_New
                0x000000004010148c                Cache_Read_Enable_2
 .text.spi_flash_get_id_raw
                0x00000000401014b4       0x57 /home/guugen/esp/esp8266/ESP8266_RTOS_SDK/examples/peripherals/uart_echo/build/bootloader/spi_flash/libspi_flash.a(spi_flash_raw.o)
                0x00000000401014b4                spi_flash_get_id_raw
 *fill*         0x000000004010150b        0x1 
 .text.spi_flash_read_status_raw
                0x000000004010150c       0x2f /home/guugen/esp/esp8266/ESP8266_RTOS_SDK/examples/peripherals/uart_echo/build/bootloader/spi_flash/libspi_flash.a(spi_flash_raw.o)
                                         0x33 (size before relaxing)
                0x000000004010150c                spi_flash_read_status_raw
 *fill*         0x000000004010153b        0x1 
 .text.spi_flash_enable_qmode_raw
                0x000000004010153c       0x33 /home/guugen/esp/esp8266/ESP8266_RTOS_SDK/examples/peripherals/uart_echo/build/bootloader/spi_flash/libspi_flash.a(spi_flash_raw.o)
                                         0x37 (size before relaxing)
                0x000000004010153c                spi_flash_enable_qmode_raw
 *fill*         0x000000004010156f        0x1 
 .text.spi_user_cmd_raw
                0x0000000040101570      0x3df /home/guugen/esp/esp8266/ESP8266_RTOS_SDK/examples/peripherals/uart_echo/build/bootloader/spi_flash/libspi_flash.a(spi_flash_raw.o)
                0x0000000040101570                spi_user_cmd_raw
 *fill*         0x000000004010194f        0x1 
 .text.spi_flash_switch_to_qio_raw
                0x0000000040101950       0x25 /home/guugen/esp/esp8266/ESP8266_RTOS_SDK/examples/peripherals/uart_echo/build/bootloader/spi_flash/libspi_flash.a(spi_flash_raw.o)
                0x0000000040101950                spi_flash_switch_to_qio_raw
 *fill*         0x0000000040101975        0x3 
 .text.uart_putc
                0x0000000040101978       0x1b /home/guugen/esp/esp8266/ESP8266_RTOS_SDK/examples/peripherals/uart_echo/build/bootloader/esp8266/libesp8266.a(ets_printf.o)
 *fill*         0x0000000040101993        0x1 
 .text.ets_putc
                0x0000000040101994       0x27 /home/guugen/esp/esp8266/ESP8266_RTOS_SDK/examples/peripherals/uart_echo/build/bootloader/esp8266/libesp8266.a(ets_printf.o)
                0x0000000040101994                ets_putc
 *fill*         0x00000000401019bb        0x1 
 .text.ets_vprintf
                0x00000000401019bc       0x1f /home/guugen/esp/esp8266/ESP8266_RTOS_SDK/examples/peripherals/uart_echo/build/bootloader/esp8266/libesp8266.a(ets_printf.o)
                0x00000000401019bc                ets_vprintf
 *fill*         0x00000000401019db        0x1 
 .text.crc32_le
                0x00000000401019dc       0x31 /home/guugen/esp/esp8266/ESP8266_RTOS_SDK/examples/peripherals/uart_echo/build/bootloader/esp8266/libesp8266.a(crc.o)
                0x00000000401019dc                crc32_le
 *fill*         0x0000000040101a0d        0x3 
 .text.phy_reg_default
                0x0000000040101a10       0x36 /home/guugen/esp/esp8266/ESP8266_RTOS_SDK/components/esp8266/lib/libcore.a(phy.o)
                0x0000000040101a20                phy_reg_default
 *fill*         0x0000000040101a46        0x0 
 *fill*         0x0000000040101a46        0x0 
 *fill*         0x0000000040101a46        0x0 
 *fill*         0x0000000040101a46        0x0 
 *fill*         0x0000000040101a46        0x0 
 *fill*         0x0000000040101a46        0x2 
 .text.index_to_partition
                0x0000000040101a48       0x4d /home/guugen/esp/esp8266/ESP8266_RTOS_SDK/examples/peripherals/uart_echo/build/bootloader/bootloader_support/libbootloader_support.a(bootloader_utility.o)
 *fill*         0x0000000040101a95        0x0 
 *fill*         0x0000000040101a95        0x0 
 *fill*         0x0000000040101a95        0x0 
 *fill*         0x0000000040101a95        0x0 
 *fill*         0x0000000040101a95        0x3 
 .text.verify_segment_header
                0x0000000040101a98        0x4 /home/guugen/esp/esp8266/ESP8266_RTOS_SDK/examples/peripherals/uart_echo/build/bootloader/bootloader_support/libbootloader_support.a(esp_image_format.o)
 *fill*         0x0000000040101a9c        0x0 
 *fill*         0x0000000040101a9c        0x0 
 *fill*         0x0000000040101a9c        0x0 
 *fill*         0x0000000040101a9c        0x0 
 *fill*         0x0000000040101a9c        0x0 
 *fill*         0x0000000040101a9c        0x0 
 *fill*         0x0000000040101a9c        0x0 
 *fill*         0x0000000040101a9c        0x0 
 *fill*         0x0000000040101a9c        0x0 
 *fill*         0x0000000040101a9c        0x0 
 *fill*         0x0000000040101a9c        0x0 
 *fill*         0x0000000040101a9c        0x0 
 *fill*         0x0000000040101a9c        0x0 
 *fill*         0x0000000040101a9c        0x0 
 *fill*         0x0000000040101a9c        0x0 
 *fill*         0x0000000040101a9c        0x0 
 *fill*         0x0000000040101a9c        0x0 
 *fill*         0x0000000040101a9c        0x0 
 *fill*         0x0000000040101a9c        0x0 
 *fill*         0x0000000040101a9c        0x0 
 *fill*         0x0000000040101a9c        0x0 
 *fill*         0x0000000040101a9c        0x0 
 *fill*         0x0000000040101a9c        0x0 
 *fill*         0x0000000040101a9c        0x0 
 *fill*         0x0000000040101a9c        0x0 
 *fill*         0x0000000040101a9c        0x0 
 *fill*         0x0000000040101a9c        0x0 
 *fill*         0x0000000040101a9c        0x0 
 *fill*         0x0000000040101a9c        0x0 
 *fill*         0x0000000040101a9c        0x0 
 *fill*         0x0000000040101a9c        0x0 
 *fill*         0x0000000040101a9c        0x0 
 *(.iram1 .iram1.*)
 .iram1.0       0x0000000040101a9c       0x18 /home/guugen/esp/esp8266/ESP8266_RTOS_SDK/examples/peripherals/uart_echo/build/bootloader/log/liblog.a(log.o)
                0x0000000040101a9c                esp_log_early_timestamp
 .iram1.1       0x0000000040101ab4       0x96 /home/guugen/esp/esp8266/ESP8266_RTOS_SDK/examples/peripherals/uart_echo/build/bootloader/log/liblog.a(log.o)
                                         0xa1 (size before relaxing)
                0x0000000040101ab4                esp_early_log_write
 *fill*         0x0000000040101b4a        0x2 
 .iram1.0       0x0000000040101b4c       0x35 /home/guugen/esp/esp8266/ESP8266_RTOS_SDK/examples/peripherals/uart_echo/build/bootloader/esp8266/libesp8266.a(ets_printf.o)
                                         0x39 (size before relaxing)
                0x0000000040101b4c                ets_printf
 *fill*         0x0000000040101b81        0x0 
 *fill*         0x0000000040101b81        0x0 
 *(.fini.literal)
 *(.fini)
 *(.gnu.version)
                0x0000000040101b81                _text_end = ABSOLUTE (.)
                0x0000000040101b81                _etext = .

.bss            0x000000003ffe8000      0x408
                0x000000003ffe8000                . = ALIGN (0x8)
                0x000000003ffe8000                _bss_start = ABSOLUTE (.)
 *(.dynsbss)
 *(.sbss)
 *(.sbss.*)
 *(.gnu.linkonce.sb.*)
 *(.scommon)
 *(.sbss2)
 *(.sbss2.*)
 *(.gnu.linkonce.sb2.*)
 *(.dynbss)
 *(.bss)
 *(.bss.*)
 .bss.pbuf$3623
                0x000000003ffe8000      0x400 /home/guugen/esp/esp8266/ESP8266_RTOS_SDK/examples/peripherals/uart_echo/build/bootloader/bootloader_support/libbootloader_support.a(esp_image_format.o)
 .bss.mapped    0x000000003ffe8400        0x1 /home/guugen/esp/esp8266/ESP8266_RTOS_SDK/examples/peripherals/uart_echo/build/bootloader/bootloader_support/libbootloader_support.a(bootloader_flash.o)
 .bss.FlashIsOnGoing
                0x000000003ffe8401        0x1 /home/guugen/esp/esp8266/ESP8266_RTOS_SDK/examples/peripherals/uart_echo/build/bootloader/spi_flash/libspi_flash.a(spi_flash.o)
                0x000000003ffe8401                FlashIsOnGoing
 *(.gnu.linkonce.b.*)
 *(COMMON)
                0x000000003ffe8408                . = ALIGN (0x8)
 *fill*         0x000000003ffe8402        0x6 
                0x000000003ffe8408                _bss_end = ABSOLUTE (.)

.data           0x000000003ffe8408       0x18
                0x000000003ffe8408                _data_start = ABSOLUTE (.)
 *(.data)
 *(.data.*)
 .data.g_rom_flashchip
                0x000000003ffe8408       0x18 /home/guugen/esp/esp8266/ESP8266_RTOS_SDK/examples/peripherals/uart_echo/build/bootloader/spi_flash/libspi_flash.a(spi_flash.o)
                0x000000003ffe8408                g_rom_flashchip
 *(.gnu.linkonce.d.*)
 *(.data1)
 *(.sdata)
 *(.sdata.*)
 *(.gnu.linkonce.s.*)
 *(.sdata2)
 *(.sdata2.*)
 *(.gnu.linkonce.s2.*)
 *(.jcr)
                0x000000003ffe8420                _data_end = ABSOLUTE (.)

.rodata         0x000000003ffe8420      0xcfc
                0x000000003ffe8420                _rodata_start = ABSOLUTE (.)
 *(.rodata)
 *(.rodata.*)
 .rodata.select_image.str1.4
                0x000000003ffe8420       0x21 /home/guugen/esp/esp8266/ESP8266_RTOS_SDK/examples/peripherals/uart_echo/build/bootloader/main/libmain.a(bootloader_start.o)
 *fill*         0x000000003ffe8441        0x3 
 .rodata.print_flash_info.str1.4
                0x000000003ffe8444       0x88 /home/guugen/esp/esp8266/ESP8266_RTOS_SDK/examples/peripherals/uart_echo/build/bootloader/bootloader_support/libbootloader_support.a(bootloader_init.o)
                                         0x94 (size before relaxing)
 .rodata.print_flash_info
                0x000000003ffe84cc       0x28 /home/guugen/esp/esp8266/ESP8266_RTOS_SDK/examples/peripherals/uart_echo/build/bootloader/bootloader_support/libbootloader_support.a(bootloader_init.o)
 .rodata.bootloader_main.str1.4
                0x000000003ffe84f4       0x6e /home/guugen/esp/esp8266/ESP8266_RTOS_SDK/examples/peripherals/uart_echo/build/bootloader/bootloader_support/libbootloader_support.a(bootloader_init.o)
 *fill*         0x000000003ffe8562        0x2 
 .rodata.log_invalid_app_partition.str1.4
                0x000000003ffe8564       0x68 /home/guugen/esp/esp8266/ESP8266_RTOS_SDK/examples/peripherals/uart_echo/build/bootloader/bootloader_support/libbootloader_support.a(bootloader_utility.o)
                                         0x70 (size before relaxing)
 .rodata.try_load_partition.str1.4
                0x000000003ffe85cc       0x29 /home/guugen/esp/esp8266/ESP8266_RTOS_SDK/examples/peripherals/uart_echo/build/bootloader/bootloader_support/libbootloader_support.a(bootloader_utility.o)
 *fill*         0x000000003ffe85f5        0x3 
 .rodata.bootloader_utility_load_partition_table.str1.4
                0x000000003ffe85f8      0x137 /home/guugen/esp/esp8266/ESP8266_RTOS_SDK/examples/peripherals/uart_echo/build/bootloader/bootloader_support/libbootloader_support.a(bootloader_utility.o)
 *fill*         0x000000003ffe872f        0x1 
 .rodata.bootloader_utility_get_selected_boot_partition.str1.4
                0x000000003ffe8730       0xef /home/guugen/esp/esp8266/ESP8266_RTOS_SDK/examples/peripherals/uart_echo/build/bootloader/bootloader_support/libbootloader_support.a(bootloader_utility.o)
 *fill*         0x000000003ffe881f        0x1 
 .rodata.bootloader_utility_load_boot_image.str1.4
                0x000000003ffe8820       0x9a /home/guugen/esp/esp8266/ESP8266_RTOS_SDK/examples/peripherals/uart_echo/build/bootloader/bootloader_support/libbootloader_support.a(bootloader_utility.o)
 *fill*         0x000000003ffe88ba        0x2 
 .rodata.verify_image_header.str1.4
                0x000000003ffe88bc       0x82 /home/guugen/esp/esp8266/ESP8266_RTOS_SDK/examples/peripherals/uart_echo/build/bootloader/bootloader_support/libbootloader_support.a(esp_image_format.o)
 *fill*         0x000000003ffe893e        0x2 
 .rodata.process_segment_data.str1.4
                0x000000003ffe8940       0x27 /home/guugen/esp/esp8266/ESP8266_RTOS_SDK/examples/peripherals/uart_echo/build/bootloader/bootloader_support/libbootloader_support.a(esp_image_format.o)
 *fill*         0x000000003ffe8967        0x1 
 .rodata.verify_checksum.str1.4
                0x000000003ffe8968       0x57 /home/guugen/esp/esp8266/ESP8266_RTOS_SDK/examples/peripherals/uart_echo/build/bootloader/bootloader_support/libbootloader_support.a(esp_image_format.o)
 *fill*         0x000000003ffe89bf        0x1 
 .rodata.process_segment.str1.4
                0x000000003ffe89c0       0x8f /home/guugen/esp/esp8266/ESP8266_RTOS_SDK/examples/peripherals/uart_echo/build/bootloader/bootloader_support/libbootloader_support.a(esp_image_format.o)
                                         0x93 (size before relaxing)
 *fill*         0x000000003ffe8a4f        0x1 
 .rodata.esp_image_load.str1.4
                0x000000003ffe8a50       0xaf /home/guugen/esp/esp8266/ESP8266_RTOS_SDK/examples/peripherals/uart_echo/build/bootloader/bootloader_support/libbootloader_support.a(esp_image_format.o)
 *fill*         0x000000003ffe8aff        0x1 
 .rodata.esp_partition_table_basic_verify.str1.4
                0x000000003ffe8b00       0xb4 /home/guugen/esp/esp8266/ESP8266_RTOS_SDK/examples/peripherals/uart_echo/build/bootloader/bootloader_support/libbootloader_support.a(flash_partitions.o)
 .rodata.bootloader_mmap.str1.4
                0x000000003ffe8bb4       0x57 /home/guugen/esp/esp8266/ESP8266_RTOS_SDK/examples/peripherals/uart_echo/build/bootloader/bootloader_support/libbootloader_support.a(bootloader_flash.o)
 *fill*         0x000000003ffe8c0b        0x1 
 .rodata.bootloader_flash_read.str1.4
                0x000000003ffe8c0c       0x9f /home/guugen/esp/esp8266/ESP8266_RTOS_SDK/examples/peripherals/uart_echo/build/bootloader/bootloader_support/libbootloader_support.a(bootloader_flash.o)
 *fill*         0x000000003ffe8cab        0x1 
 .rodata.esp_spi_flash_init.str1.4
                0x000000003ffe8cac       0x29 /home/guugen/esp/esp8266/ESP8266_RTOS_SDK/examples/peripherals/uart_echo/build/bootloader/spi_flash/libspi_flash.a(spi_flash.o)
 *fill*         0x000000003ffe8cd5        0x3 
 .rodata.str1.4
                0x000000003ffe8cd8       0x24 /home/guugen/esp/esp8266/ESP8266_RTOS_SDK/examples/peripherals/uart_echo/build/bootloader/log/liblog.a(log.o)
                                         0x22 (size before relaxing)
 .rodata.s_log_prefix
                0x000000003ffe8cfc        0x6 /home/guugen/esp/esp8266/ESP8266_RTOS_SDK/examples/peripherals/uart_echo/build/bootloader/log/liblog.a(log.o)
 *fill*         0x000000003ffe8d02        0x2 
 .rodata.s_log_color
                0x000000003ffe8d04       0x18 /home/guugen/esp/esp8266/ESP8266_RTOS_SDK/examples/peripherals/uart_echo/build/bootloader/log/liblog.a(log.o)
 .rodata.crc32_le_table
                0x000000003ffe8d1c      0x400 /home/guugen/esp/esp8266/ESP8266_RTOS_SDK/examples/peripherals/uart_echo/build/bootloader/esp8266/libesp8266.a(crc.o)
 *(.gnu.linkonce.r.*)
 *(.rodata1)
                0x000000003ffe911c                __XT_EXCEPTION_TABLE_ = ABSOLUTE (.)
 *(.xt_except_table)
 *(.gcc_except_table)
 *(.gnu.linkonce.e.*)
 *(.gnu.version_r)
 *(.eh_frame)
                0x000000003ffe911c                . = ((. + 0x3) & 0xfffffffffffffffc)
                0x000000003ffe911c                __init_array_start = ABSOLUTE (.)
 *crtbegin.o(.ctors)
 *(EXCLUDE_FILE(*crtend.o) .ctors)
 *(SORT_BY_NAME(.ctors.*))
 *(.ctors)
                0x000000003ffe911c                __init_array_end = ABSOLUTE (.)
 *crtbegin.o(.dtors)
 *(EXCLUDE_FILE(*crtend.o) .dtors)
 *(SORT_BY_NAME(.dtors.*))
 *(.dtors)
                0x000000003ffe911c                __XT_EXCEPTION_DESCS_ = ABSOLUTE (.)
 *(.xt_except_desc)
 *(.gnu.linkonce.h.*)
                0x000000003ffe911c                __XT_EXCEPTION_DESCS_END__ = ABSOLUTE (.)
 *(.xt_except_desc_end)
 *(.dynamic)
 *(.gnu.version_d)
                0x000000003ffe911c                _rodata_end = ABSOLUTE (.)
                0x000000003ffe911c                _lit4_start = ABSOLUTE (.)
 *(*.lit4)
 *(.lit4.*)
 *(.gnu.linkonce.lit4.*)
                0x000000003ffe911c                _lit4_end = ABSOLUTE (.)
                0x000000003ffe911c                . = ALIGN (0x4)
                0x000000003ffe911c                _heap_start = ABSOLUTE (.)
                0x0000000060001100                PROVIDE (rtc_sys_info = 0x60001100)
                0x00000000400040c0                PROVIDE (SPI_sector_erase = 0x400040c0)
                0x0000000040004174                PROVIDE (SPI_page_program = 0x40004174)
                0x00000000400042ac                PROVIDE (SPI_read_data = 0x400042ac)
                0x00000000400043c8                PROVIDE (SPI_read_status = 0x400043c8)
                0x0000000040004400                PROVIDE (SPI_write_status = 0x40004400)
                0x000000004000443c                PROVIDE (SPI_write_enable = 0x4000443c)
                0x000000004000448c                PROVIDE (Wait_SPI_Idle = 0x4000448c)
                0x00000000400044c0                PROVIDE (Enable_QMode = 0x400044c0)
                [!provide]                        PROVIDE (Disable_QMode = 0x40004508)
                0x0000000040004678                PROVIDE (Cache_Read_Enable = 0x40004678)
                0x00000000400047f0                PROVIDE (Cache_Read_Disable = 0x400047f0)
                [!provide]                        PROVIDE (lldesc_build_chain = 0x40004f40)
                [!provide]                        PROVIDE (lldesc_num2link = 0x40005050)
                [!provide]                        PROVIDE (lldesc_set_owner = 0x4000507c)
                0x000000004000c538                __adddf3 = 0x4000c538
                0x000000004000c180                __addsf3 = 0x4000c180
                0x000000004000cb94                __divdf3 = 0x4000cb94
                0x000000004000ce60                __divdi3 = 0x4000ce60
                0x000000004000dc88                __divsi3 = 0x4000dc88
                0x000000004000cdfc                __extendsfdf2 = 0x4000cdfc
                0x000000004000ccb8                __fixdfsi = 0x4000ccb8
                0x000000004000cd00                __fixunsdfsi = 0x4000cd00
                0x000000004000c4c4                __fixunssfsi = 0x4000c4c4
                0x000000004000e2f0                __floatsidf = 0x4000e2f0
                0x000000004000e2ac                __floatsisf = 0x4000e2ac
                0x000000004000e2e8                __floatunsidf = 0x4000e2e8
                0x000000004000e2a4                __floatunsisf = 0x4000e2a4
                0x000000004000c8f0                __muldf3 = 0x4000c8f0
                0x0000000040000650                __muldi3 = 0x40000650
                0x000000004000c3dc                __mulsf3 = 0x4000c3dc
                0x000000004000c688                __subdf3 = 0x4000c688
                0x000000004000c268                __subsf3 = 0x4000c268
                0x000000004000cd5c                __truncdfsf2 = 0x4000cd5c
                0x000000004000d310                __udivdi3 = 0x4000d310
                0x000000004000e21c                __udivsi3 = 0x4000e21c
                0x000000004000d770                __umoddi3 = 0x4000d770
                0x000000004000e268                __umodsi3 = 0x4000e268
                0x000000004000dcf0                __umulsidi3 = 0x4000dcf0
                0x000000004000de84                bzero = 0x4000de84
                0x000000004000dea8                memcmp = 0x4000dea8
                0x000000004000df48                memcpy = 0x4000df48
                0x000000004000e04c                memmove = 0x4000e04c
                0x000000004000e190                memset = 0x4000e190
                0x000000004000bdc8                strcmp = 0x4000bdc8
                0x000000004000bec8                strcpy = 0x4000bec8
                0x000000004000bf4c                strlen = 0x4000bf4c
                0x000000004000bfa8                strncmp = 0x4000bfa8
                0x000000004000c0a0                strncpy = 0x4000c0a0
                0x000000004000e1e0                strstr = 0x4000e1e0
                0x0000000040004cf0                PROVIDE (gpio_input_get = 0x40004cf0)
                [!provide]                        PROVIDE (gpio_pin_wakeup_disable = 0x40004ed4)
                [!provide]                        PROVIDE (gpio_pin_wakeup_enable = 0x40004e90)
                0x0000000040001f00                PROVIDE (ets_io_vprintf = 0x40001f00)
                [!provide]                        PROVIDE (uart_rx_one_char = 0x40003b8c)
                [!provide]                        PROVIDE (rom_i2c_readReg = 0x40007268)
                [!provide]                        PROVIDE (rom_i2c_readReg_Mask = 0x4000729c)
                [!provide]                        PROVIDE (rom_i2c_writeReg = 0x400072d8)
                [!provide]                        PROVIDE (rom_i2c_writeReg_Mask = 0x4000730c)
                [!provide]                        PROVIDE (rom_software_reboot = 0x40000080)
                [!provide]                        PROVIDE (ets_memcpy = 0x400018b4)
                0x0000000040004b1c                PROVIDE (SPIRead = 0x40004b1c)
                0x0000000040004a4c                PROVIDE (SPIWrite = 0x40004a4c)
                0x0000000040004a00                PROVIDE (SPIEraseSector = 0x40004a00)
                [!provide]                        PROVIDE (gpio_input_get = 0x40004cf0)
                [!provide]                        PROVIDE (xthal_get_ccount = 0x4000dd38)
                [!provide]                        PROVIDE (uart_div_modify = 0x400039d8)
                [!provide]                        PROVIDE (ets_io_vprintf = 0x40001f00)
OUTPUT(/home/guugen/esp/esp8266/ESP8266_RTOS_SDK/examples/peripherals/uart_echo/build/bootloader/bootloader.elf elf32-xtensa-le)

.debug_frame    0x0000000000000000      0xae0
 .debug_frame   0x0000000000000000       0x74 /home/guugen/esp/esp8266/ESP8266_RTOS_SDK/examples/peripherals/uart_echo/build/bootloader/main/libmain.a(bootloader_start.o)
 .debug_frame   0x0000000000000074       0x94 /home/guugen/esp/esp8266/ESP8266_RTOS_SDK/examples/peripherals/uart_echo/build/bootloader/bootloader_support/libbootloader_support.a(bootloader_init.o)
 .debug_frame   0x0000000000000108      0x140 /home/guugen/esp/esp8266/ESP8266_RTOS_SDK/examples/peripherals/uart_echo/build/bootloader/bootloader_support/libbootloader_support.a(bootloader_utility.o)
 .debug_frame   0x0000000000000248      0x13c /home/guugen/esp/esp8266/ESP8266_RTOS_SDK/examples/peripherals/uart_echo/build/bootloader/bootloader_support/libbootloader_support.a(esp_image_format.o)
 .debug_frame   0x0000000000000384       0x38 /home/guugen/esp/esp8266/ESP8266_RTOS_SDK/examples/peripherals/uart_echo/build/bootloader/bootloader_support/libbootloader_support.a(flash_partitions.o)
 .debug_frame   0x00000000000003bc       0x74 /home/guugen/esp/esp8266/ESP8266_RTOS_SDK/examples/peripherals/uart_echo/build/bootloader/bootloader_support/libbootloader_support.a(bootloader_common.o)
 .debug_frame   0x0000000000000430       0xdc /home/guugen/esp/esp8266/ESP8266_RTOS_SDK/examples/peripherals/uart_echo/build/bootloader/bootloader_support/libbootloader_support.a(bootloader_flash.o)
 .debug_frame   0x000000000000050c      0x350 /home/guugen/esp/esp8266/ESP8266_RTOS_SDK/examples/peripherals/uart_echo/build/bootloader/spi_flash/libspi_flash.a(spi_flash.o)
 .debug_frame   0x000000000000085c      0x16c /home/guugen/esp/esp8266/ESP8266_RTOS_SDK/examples/peripherals/uart_echo/build/bootloader/spi_flash/libspi_flash.a(spi_flash_raw.o)
 .debug_frame   0x00000000000009c8       0x58 /home/guugen/esp/esp8266/ESP8266_RTOS_SDK/examples/peripherals/uart_echo/build/bootloader/log/liblog.a(log.o)
 .debug_frame   0x0000000000000a20       0x80 /home/guugen/esp/esp8266/ESP8266_RTOS_SDK/examples/peripherals/uart_echo/build/bootloader/esp8266/libesp8266.a(ets_printf.o)
 .debug_frame   0x0000000000000aa0       0x40 /home/guugen/esp/esp8266/ESP8266_RTOS_SDK/examples/peripherals/uart_echo/build/bootloader/esp8266/libesp8266.a(crc.o)

.debug_info     0x0000000000000000     0xc6f9
 .debug_info    0x0000000000000000      0xdde /home/guugen/esp/esp8266/ESP8266_RTOS_SDK/examples/peripherals/uart_echo/build/bootloader/main/libmain.a(bootloader_start.o)
 .debug_info    0x0000000000000dde      0xe02 /home/guugen/esp/esp8266/ESP8266_RTOS_SDK/examples/peripherals/uart_echo/build/bootloader/bootloader_support/libbootloader_support.a(bootloader_init.o)
 .debug_info    0x0000000000001be0     0x178d /home/guugen/esp/esp8266/ESP8266_RTOS_SDK/examples/peripherals/uart_echo/build/bootloader/bootloader_support/libbootloader_support.a(bootloader_utility.o)
 .debug_info    0x000000000000336d     0x16ca /home/guugen/esp/esp8266/ESP8266_RTOS_SDK/examples/peripherals/uart_echo/build/bootloader/bootloader_support/libbootloader_support.a(esp_image_format.o)
 .debug_info    0x0000000000004a37      0xca5 /home/guugen/esp/esp8266/ESP8266_RTOS_SDK/examples/peripherals/uart_echo/build/bootloader/bootloader_support/libbootloader_support.a(flash_partitions.o)
 .debug_info    0x00000000000056dc     0x12b3 /home/guugen/esp/esp8266/ESP8266_RTOS_SDK/examples/peripherals/uart_echo/build/bootloader/bootloader_support/libbootloader_support.a(bootloader_common.o)
 .debug_info    0x000000000000698f      0xe3a /home/guugen/esp/esp8266/ESP8266_RTOS_SDK/examples/peripherals/uart_echo/build/bootloader/bootloader_support/libbootloader_support.a(bootloader_flash.o)
 .debug_info    0x00000000000077c9     0x1e00 /home/guugen/esp/esp8266/ESP8266_RTOS_SDK/examples/peripherals/uart_echo/build/bootloader/spi_flash/libspi_flash.a(spi_flash.o)
 .debug_info    0x00000000000095c9     0x10c9 /home/guugen/esp/esp8266/ESP8266_RTOS_SDK/examples/peripherals/uart_echo/build/bootloader/spi_flash/libspi_flash.a(spi_flash_raw.o)
 .debug_info    0x000000000000a692     0x12ba /home/guugen/esp/esp8266/ESP8266_RTOS_SDK/examples/peripherals/uart_echo/build/bootloader/log/liblog.a(log.o)
 .debug_info    0x000000000000b94c      0xb66 /home/guugen/esp/esp8266/ESP8266_RTOS_SDK/examples/peripherals/uart_echo/build/bootloader/esp8266/libesp8266.a(ets_printf.o)
 .debug_info    0x000000000000c4b2      0x247 /home/guugen/esp/esp8266/ESP8266_RTOS_SDK/examples/peripherals/uart_echo/build/bootloader/esp8266/libesp8266.a(crc.o)

.debug_abbrev   0x0000000000000000     0x21bb
 .debug_abbrev  0x0000000000000000      0x2ee /home/guugen/esp/esp8266/ESP8266_RTOS_SDK/examples/peripherals/uart_echo/build/bootloader/main/libmain.a(bootloader_start.o)
 .debug_abbrev  0x00000000000002ee      0x2f2 /home/guugen/esp/esp8266/ESP8266_RTOS_SDK/examples/peripherals/uart_echo/build/bootloader/bootloader_support/libbootloader_support.a(bootloader_init.o)
 .debug_abbrev  0x00000000000005e0      0x355 /home/guugen/esp/esp8266/ESP8266_RTOS_SDK/examples/peripherals/uart_echo/build/bootloader/bootloader_support/libbootloader_support.a(bootloader_utility.o)
 .debug_abbrev  0x0000000000000935      0x316 /home/guugen/esp/esp8266/ESP8266_RTOS_SDK/examples/peripherals/uart_echo/build/bootloader/bootloader_support/libbootloader_support.a(esp_image_format.o)
 .debug_abbrev  0x0000000000000c4b      0x271 /home/guugen/esp/esp8266/ESP8266_RTOS_SDK/examples/peripherals/uart_echo/build/bootloader/bootloader_support/libbootloader_support.a(flash_partitions.o)
 .debug_abbrev  0x0000000000000ebc      0x2c7 /home/guugen/esp/esp8266/ESP8266_RTOS_SDK/examples/peripherals/uart_echo/build/bootloader/bootloader_support/libbootloader_support.a(bootloader_common.o)
 .debug_abbrev  0x0000000000001183      0x2aa /home/guugen/esp/esp8266/ESP8266_RTOS_SDK/examples/peripherals/uart_echo/build/bootloader/bootloader_support/libbootloader_support.a(bootloader_flash.o)
 .debug_abbrev  0x000000000000142d      0x45b /home/guugen/esp/esp8266/ESP8266_RTOS_SDK/examples/peripherals/uart_echo/build/bootloader/spi_flash/libspi_flash.a(spi_flash.o)
 .debug_abbrev  0x0000000000001888      0x29d /home/guugen/esp/esp8266/ESP8266_RTOS_SDK/examples/peripherals/uart_echo/build/bootloader/spi_flash/libspi_flash.a(spi_flash_raw.o)
 .debug_abbrev  0x0000000000001b25      0x315 /home/guugen/esp/esp8266/ESP8266_RTOS_SDK/examples/peripherals/uart_echo/build/bootloader/log/liblog.a(log.o)
 .debug_abbrev  0x0000000000001e3a      0x2a2 /home/guugen/esp/esp8266/ESP8266_RTOS_SDK/examples/peripherals/uart_echo/build/bootloader/esp8266/libesp8266.a(ets_printf.o)
 .debug_abbrev  0x00000000000020dc       0xdf /home/guugen/esp/esp8266/ESP8266_RTOS_SDK/examples/peripherals/uart_echo/build/bootloader/esp8266/libesp8266.a(crc.o)

.debug_loc      0x0000000000000000     0x368e
 .debug_loc     0x0000000000000000       0x9b /home/guugen/esp/esp8266/ESP8266_RTOS_SDK/examples/peripherals/uart_echo/build/bootloader/main/libmain.a(bootloader_start.o)
 .debug_loc     0x000000000000009b       0xbc /home/guugen/esp/esp8266/ESP8266_RTOS_SDK/examples/peripherals/uart_echo/build/bootloader/bootloader_support/libbootloader_support.a(bootloader_init.o)
 .debug_loc     0x0000000000000157      0x717 /home/guugen/esp/esp8266/ESP8266_RTOS_SDK/examples/peripherals/uart_echo/build/bootloader/bootloader_support/libbootloader_support.a(bootloader_utility.o)
 .debug_loc     0x000000000000086e      0xb53 /home/guugen/esp/esp8266/ESP8266_RTOS_SDK/examples/peripherals/uart_echo/build/bootloader/bootloader_support/libbootloader_support.a(esp_image_format.o)
 .debug_loc     0x00000000000013c1      0x11a /home/guugen/esp/esp8266/ESP8266_RTOS_SDK/examples/peripherals/uart_echo/build/bootloader/bootloader_support/libbootloader_support.a(flash_partitions.o)
 .debug_loc     0x00000000000014db      0x18f /home/guugen/esp/esp8266/ESP8266_RTOS_SDK/examples/peripherals/uart_echo/build/bootloader/bootloader_support/libbootloader_support.a(bootloader_common.o)
 .debug_loc     0x000000000000166a      0x427 /home/guugen/esp/esp8266/ESP8266_RTOS_SDK/examples/peripherals/uart_echo/build/bootloader/bootloader_support/libbootloader_support.a(bootloader_flash.o)
 .debug_loc     0x0000000000001a91     0x11dd /home/guugen/esp/esp8266/ESP8266_RTOS_SDK/examples/peripherals/uart_echo/build/bootloader/spi_flash/libspi_flash.a(spi_flash.o)
 .debug_loc     0x0000000000002c6e      0x668 /home/guugen/esp/esp8266/ESP8266_RTOS_SDK/examples/peripherals/uart_echo/build/bootloader/spi_flash/libspi_flash.a(spi_flash_raw.o)
 .debug_loc     0x00000000000032d6      0x119 /home/guugen/esp/esp8266/ESP8266_RTOS_SDK/examples/peripherals/uart_echo/build/bootloader/log/liblog.a(log.o)
 .debug_loc     0x00000000000033ef       0xe9 /home/guugen/esp/esp8266/ESP8266_RTOS_SDK/examples/peripherals/uart_echo/build/bootloader/esp8266/libesp8266.a(ets_printf.o)
 .debug_loc     0x00000000000034d8      0x1b6 /home/guugen/esp/esp8266/ESP8266_RTOS_SDK/examples/peripherals/uart_echo/build/bootloader/esp8266/libesp8266.a(crc.o)

.debug_aranges  0x0000000000000000      0x3a8
 .debug_aranges
                0x0000000000000000       0x30 /home/guugen/esp/esp8266/ESP8266_RTOS_SDK/examples/peripherals/uart_echo/build/bootloader/main/libmain.a(bootloader_start.o)
 .debug_aranges
                0x0000000000000030       0x38 /home/guugen/esp/esp8266/ESP8266_RTOS_SDK/examples/peripherals/uart_echo/build/bootloader/bootloader_support/libbootloader_support.a(bootloader_init.o)
 .debug_aranges
                0x0000000000000068       0x60 /home/guugen/esp/esp8266/ESP8266_RTOS_SDK/examples/peripherals/uart_echo/build/bootloader/bootloader_support/libbootloader_support.a(bootloader_utility.o)
 .debug_aranges
                0x00000000000000c8       0x60 /home/guugen/esp/esp8266/ESP8266_RTOS_SDK/examples/peripherals/uart_echo/build/bootloader/bootloader_support/libbootloader_support.a(esp_image_format.o)
 .debug_aranges
                0x0000000000000128       0x20 /home/guugen/esp/esp8266/ESP8266_RTOS_SDK/examples/peripherals/uart_echo/build/bootloader/bootloader_support/libbootloader_support.a(flash_partitions.o)
 .debug_aranges
                0x0000000000000148       0x30 /home/guugen/esp/esp8266/ESP8266_RTOS_SDK/examples/peripherals/uart_echo/build/bootloader/bootloader_support/libbootloader_support.a(bootloader_common.o)
 .debug_aranges
                0x0000000000000178       0x48 /home/guugen/esp/esp8266/ESP8266_RTOS_SDK/examples/peripherals/uart_echo/build/bootloader/bootloader_support/libbootloader_support.a(bootloader_flash.o)
 .debug_aranges
                0x00000000000001c0       0xe8 /home/guugen/esp/esp8266/ESP8266_RTOS_SDK/examples/peripherals/uart_echo/build/bootloader/spi_flash/libspi_flash.a(spi_flash.o)
 .debug_aranges
                0x00000000000002a8       0x70 /home/guugen/esp/esp8266/ESP8266_RTOS_SDK/examples/peripherals/uart_echo/build/bootloader/spi_flash/libspi_flash.a(spi_flash_raw.o)
 .debug_aranges
                0x0000000000000318       0x28 /home/guugen/esp/esp8266/ESP8266_RTOS_SDK/examples/peripherals/uart_echo/build/bootloader/log/liblog.a(log.o)
 .debug_aranges
                0x0000000000000340       0x38 /home/guugen/esp/esp8266/ESP8266_RTOS_SDK/examples/peripherals/uart_echo/build/bootloader/esp8266/libesp8266.a(ets_printf.o)
 .debug_aranges
                0x0000000000000378       0x30 /home/guugen/esp/esp8266/ESP8266_RTOS_SDK/examples/peripherals/uart_echo/build/bootloader/esp8266/libesp8266.a(crc.o)

.debug_ranges   0x0000000000000000      0x318
 .debug_ranges  0x0000000000000000       0x20 /home/guugen/esp/esp8266/ESP8266_RTOS_SDK/examples/peripherals/uart_echo/build/bootloader/main/libmain.a(bootloader_start.o)
 .debug_ranges  0x0000000000000020       0x28 /home/guugen/esp/esp8266/ESP8266_RTOS_SDK/examples/peripherals/uart_echo/build/bootloader/bootloader_support/libbootloader_support.a(bootloader_init.o)
 .debug_ranges  0x0000000000000048       0x50 /home/guugen/esp/esp8266/ESP8266_RTOS_SDK/examples/peripherals/uart_echo/build/bootloader/bootloader_support/libbootloader_support.a(bootloader_utility.o)
 .debug_ranges  0x0000000000000098       0x68 /home/guugen/esp/esp8266/ESP8266_RTOS_SDK/examples/peripherals/uart_echo/build/bootloader/bootloader_support/libbootloader_support.a(esp_image_format.o)
 .debug_ranges  0x0000000000000100       0x10 /home/guugen/esp/esp8266/ESP8266_RTOS_SDK/examples/peripherals/uart_echo/build/bootloader/bootloader_support/libbootloader_support.a(flash_partitions.o)
 .debug_ranges  0x0000000000000110       0x20 /home/guugen/esp/esp8266/ESP8266_RTOS_SDK/examples/peripherals/uart_echo/build/bootloader/bootloader_support/libbootloader_support.a(bootloader_common.o)
 .debug_ranges  0x0000000000000130       0x38 /home/guugen/esp/esp8266/ESP8266_RTOS_SDK/examples/peripherals/uart_echo/build/bootloader/bootloader_support/libbootloader_support.a(bootloader_flash.o)
 .debug_ranges  0x0000000000000168       0xf0 /home/guugen/esp/esp8266/ESP8266_RTOS_SDK/examples/peripherals/uart_echo/build/bootloader/spi_flash/libspi_flash.a(spi_flash.o)
 .debug_ranges  0x0000000000000258       0x60 /home/guugen/esp/esp8266/ESP8266_RTOS_SDK/examples/peripherals/uart_echo/build/bootloader/spi_flash/libspi_flash.a(spi_flash_raw.o)
 .debug_ranges  0x00000000000002b8       0x18 /home/guugen/esp/esp8266/ESP8266_RTOS_SDK/examples/peripherals/uart_echo/build/bootloader/log/liblog.a(log.o)
 .debug_ranges  0x00000000000002d0       0x28 /home/guugen/esp/esp8266/ESP8266_RTOS_SDK/examples/peripherals/uart_echo/build/bootloader/esp8266/libesp8266.a(ets_printf.o)
 .debug_ranges  0x00000000000002f8       0x20 /home/guugen/esp/esp8266/ESP8266_RTOS_SDK/examples/peripherals/uart_echo/build/bootloader/esp8266/libesp8266.a(crc.o)

.debug_line     0x0000000000000000     0x7e43
 .debug_line    0x0000000000000000      0x5b9 /home/guugen/esp/esp8266/ESP8266_RTOS_SDK/examples/peripherals/uart_echo/build/bootloader/main/libmain.a(bootloader_start.o)
 .debug_line    0x00000000000005b9      0x79b /home/guugen/esp/esp8266/ESP8266_RTOS_SDK/examples/peripherals/uart_echo/build/bootloader/bootloader_support/libbootloader_support.a(bootloader_init.o)
 .debug_line    0x0000000000000d54     0x1357 /home/guugen/esp/esp8266/ESP8266_RTOS_SDK/examples/peripherals/uart_echo/build/bootloader/bootloader_support/libbootloader_support.a(bootloader_utility.o)
 .debug_line    0x00000000000020ab     0x121b /home/guugen/esp/esp8266/ESP8266_RTOS_SDK/examples/peripherals/uart_echo/build/bootloader/bootloader_support/libbootloader_support.a(esp_image_format.o)
 .debug_line    0x00000000000032c6      0x5f9 /home/guugen/esp/esp8266/ESP8266_RTOS_SDK/examples/peripherals/uart_echo/build/bootloader/bootloader_support/libbootloader_support.a(flash_partitions.o)
 .debug_line    0x00000000000038bf      0x5e2 /home/guugen/esp/esp8266/ESP8266_RTOS_SDK/examples/peripherals/uart_echo/build/bootloader/bootloader_support/libbootloader_support.a(bootloader_common.o)
 .debug_line    0x0000000000003ea1      0x835 /home/guugen/esp/esp8266/ESP8266_RTOS_SDK/examples/peripherals/uart_echo/build/bootloader/bootloader_support/libbootloader_support.a(bootloader_flash.o)
 .debug_line    0x00000000000046d6     0x1f03 /home/guugen/esp/esp8266/ESP8266_RTOS_SDK/examples/peripherals/uart_echo/build/bootloader/spi_flash/libspi_flash.a(spi_flash.o)
 .debug_line    0x00000000000065d9      0xbca /home/guugen/esp/esp8266/ESP8266_RTOS_SDK/examples/peripherals/uart_echo/build/bootloader/spi_flash/libspi_flash.a(spi_flash_raw.o)
 .debug_line    0x00000000000071a3      0x53b /home/guugen/esp/esp8266/ESP8266_RTOS_SDK/examples/peripherals/uart_echo/build/bootloader/log/liblog.a(log.o)
 .debug_line    0x00000000000076de      0x3f4 /home/guugen/esp/esp8266/ESP8266_RTOS_SDK/examples/peripherals/uart_echo/build/bootloader/esp8266/libesp8266.a(ets_printf.o)
 .debug_line    0x0000000000007ad2      0x371 /home/guugen/esp/esp8266/ESP8266_RTOS_SDK/examples/peripherals/uart_echo/build/bootloader/esp8266/libesp8266.a(crc.o)

.debug_str      0x0000000000000000     0x269f
 .debug_str     0x0000000000000000      0x87d /home/guugen/esp/esp8266/ESP8266_RTOS_SDK/examples/peripherals/uart_echo/build/bootloader/main/libmain.a(bootloader_start.o)
                                        0x952 (size before relaxing)
 .debug_str     0x000000000000087d      0x38a /home/guugen/esp/esp8266/ESP8266_RTOS_SDK/examples/peripherals/uart_echo/build/bootloader/bootloader_support/libbootloader_support.a(bootloader_init.o)
                                        0xa53 (size before relaxing)
 .debug_str     0x0000000000000c07      0x2ee /home/guugen/esp/esp8266/ESP8266_RTOS_SDK/examples/peripherals/uart_echo/build/bootloader/bootloader_support/libbootloader_support.a(bootloader_utility.o)
                                        0xbe1 (size before relaxing)
 .debug_str     0x0000000000000ef5      0x1da /home/guugen/esp/esp8266/ESP8266_RTOS_SDK/examples/peripherals/uart_echo/build/bootloader/bootloader_support/libbootloader_support.a(esp_image_format.o)
                                        0xbcf (size before relaxing)
 .debug_str     0x00000000000010cf       0x89 /home/guugen/esp/esp8266/ESP8266_RTOS_SDK/examples/peripherals/uart_echo/build/bootloader/bootloader_support/libbootloader_support.a(flash_partitions.o)
                                        0x7fd (size before relaxing)
 .debug_str     0x0000000000001158      0xac1 /home/guugen/esp/esp8266/ESP8266_RTOS_SDK/examples/peripherals/uart_echo/build/bootloader/bootloader_support/libbootloader_support.a(bootloader_common.o)
                                       0x110f (size before relaxing)
 .debug_str     0x0000000000001c19      0x13b /home/guugen/esp/esp8266/ESP8266_RTOS_SDK/examples/peripherals/uart_echo/build/bootloader/bootloader_support/libbootloader_support.a(bootloader_flash.o)
                                        0x7e5 (size before relaxing)
 .debug_str     0x0000000000001d54      0x561 /home/guugen/esp/esp8266/ESP8266_RTOS_SDK/examples/peripherals/uart_echo/build/bootloader/spi_flash/libspi_flash.a(spi_flash.o)
                                        0xd67 (size before relaxing)
 .debug_str     0x00000000000022b5      0x131 /home/guugen/esp/esp8266/ESP8266_RTOS_SDK/examples/peripherals/uart_echo/build/bootloader/spi_flash/libspi_flash.a(spi_flash_raw.o)
                                        0x90f (size before relaxing)
 .debug_str     0x00000000000023e6      0x153 /home/guugen/esp/esp8266/ESP8266_RTOS_SDK/examples/peripherals/uart_echo/build/bootloader/log/liblog.a(log.o)
                                       0x1078 (size before relaxing)
 .debug_str     0x0000000000002539       0xde /home/guugen/esp/esp8266/ESP8266_RTOS_SDK/examples/peripherals/uart_echo/build/bootloader/esp8266/libesp8266.a(ets_printf.o)
                                        0x6dd (size before relaxing)
 .debug_str     0x0000000000002617       0x88 /home/guugen/esp/esp8266/ESP8266_RTOS_SDK/examples/peripherals/uart_echo/build/bootloader/esp8266/libesp8266.a(crc.o)
                                        0x205 (size before relaxing)

.comment        0x0000000000000000       0x6b
 .comment       0x0000000000000000       0x31 /home/guugen/esp/esp8266/ESP8266_RTOS_SDK/examples/peripherals/uart_echo/build/bootloader/main/libmain.a(bootloader_start.o)
                                         0x32 (size before relaxing)
 .comment       0x0000000000000031       0x32 /home/guugen/esp/esp8266/ESP8266_RTOS_SDK/examples/peripherals/uart_echo/build/bootloader/bootloader_support/libbootloader_support.a(bootloader_init.o)
 .comment       0x0000000000000031       0x32 /home/guugen/esp/esp8266/ESP8266_RTOS_SDK/examples/peripherals/uart_echo/build/bootloader/bootloader_support/libbootloader_support.a(bootloader_utility.o)
 .comment       0x0000000000000031       0x32 /home/guugen/esp/esp8266/ESP8266_RTOS_SDK/examples/peripherals/uart_echo/build/bootloader/bootloader_support/libbootloader_support.a(esp_image_format.o)
 .comment       0x0000000000000031       0x32 /home/guugen/esp/esp8266/ESP8266_RTOS_SDK/examples/peripherals/uart_echo/build/bootloader/bootloader_support/libbootloader_support.a(flash_partitions.o)
 .comment       0x0000000000000031       0x32 /home/guugen/esp/esp8266/ESP8266_RTOS_SDK/examples/peripherals/uart_echo/build/bootloader/bootloader_support/libbootloader_support.a(bootloader_common.o)
 .comment       0x0000000000000031       0x32 /home/guugen/esp/esp8266/ESP8266_RTOS_SDK/examples/peripherals/uart_echo/build/bootloader/bootloader_support/libbootloader_support.a(bootloader_flash.o)
 .comment       0x0000000000000031       0x32 /home/guugen/esp/esp8266/ESP8266_RTOS_SDK/examples/peripherals/uart_echo/build/bootloader/spi_flash/libspi_flash.a(spi_flash.o)
 .comment       0x0000000000000031       0x32 /home/guugen/esp/esp8266/ESP8266_RTOS_SDK/examples/peripherals/uart_echo/build/bootloader/spi_flash/libspi_flash.a(spi_flash_raw.o)
 .comment       0x0000000000000031       0x32 /home/guugen/esp/esp8266/ESP8266_RTOS_SDK/examples/peripherals/uart_echo/build/bootloader/log/liblog.a(log.o)
 .comment       0x0000000000000031       0x32 /home/guugen/esp/esp8266/ESP8266_RTOS_SDK/examples/peripherals/uart_echo/build/bootloader/esp8266/libesp8266.a(ets_printf.o)
 .comment       0x0000000000000031       0x32 /home/guugen/esp/esp8266/ESP8266_RTOS_SDK/examples/peripherals/uart_echo/build/bootloader/esp8266/libesp8266.a(crc.o)
 .comment       0x0000000000000031       0x3a /home/guugen/esp/esp8266/ESP8266_RTOS_SDK/components/esp8266/lib/libcore.a(phy.o)
                                         0x3b (size before relaxing)

.xtensa.info    0x0000000000000000       0x38
 .xtensa.info   0x0000000000000000       0x38 /home/guugen/esp/esp8266/ESP8266_RTOS_SDK/examples/peripherals/uart_echo/build/bootloader/main/libmain.a(bootloader_start.o)
 .xtensa.info   0x0000000000000038        0x0 /home/guugen/esp/esp8266/ESP8266_RTOS_SDK/examples/peripherals/uart_echo/build/bootloader/bootloader_support/libbootloader_support.a(bootloader_init.o)
 .xtensa.info   0x0000000000000038        0x0 /home/guugen/esp/esp8266/ESP8266_RTOS_SDK/examples/peripherals/uart_echo/build/bootloader/bootloader_support/libbootloader_support.a(bootloader_utility.o)
 .xtensa.info   0x0000000000000038        0x0 /home/guugen/esp/esp8266/ESP8266_RTOS_SDK/examples/peripherals/uart_echo/build/bootloader/bootloader_support/libbootloader_support.a(esp_image_format.o)
 .xtensa.info   0x0000000000000038        0x0 /home/guugen/esp/esp8266/ESP8266_RTOS_SDK/examples/peripherals/uart_echo/build/bootloader/bootloader_support/libbootloader_support.a(flash_partitions.o)
 .xtensa.info   0x0000000000000038        0x0 /home/guugen/esp/esp8266/ESP8266_RTOS_SDK/examples/peripherals/uart_echo/build/bootloader/bootloader_support/libbootloader_support.a(bootloader_common.o)
 .xtensa.info   0x0000000000000038        0x0 /home/guugen/esp/esp8266/ESP8266_RTOS_SDK/examples/peripherals/uart_echo/build/bootloader/bootloader_support/libbootloader_support.a(bootloader_flash.o)
 .xtensa.info   0x0000000000000038        0x0 /home/guugen/esp/esp8266/ESP8266_RTOS_SDK/examples/peripherals/uart_echo/build/bootloader/spi_flash/libspi_flash.a(spi_flash.o)
 .xtensa.info   0x0000000000000038        0x0 /home/guugen/esp/esp8266/ESP8266_RTOS_SDK/examples/peripherals/uart_echo/build/bootloader/spi_flash/libspi_flash.a(spi_flash_raw.o)
 .xtensa.info   0x0000000000000038        0x0 /home/guugen/esp/esp8266/ESP8266_RTOS_SDK/examples/peripherals/uart_echo/build/bootloader/log/liblog.a(log.o)
 .xtensa.info   0x0000000000000038        0x0 /home/guugen/esp/esp8266/ESP8266_RTOS_SDK/examples/peripherals/uart_echo/build/bootloader/esp8266/libesp8266.a(ets_printf.o)
 .xtensa.info   0x0000000000000038        0x0 /home/guugen/esp/esp8266/ESP8266_RTOS_SDK/examples/peripherals/uart_echo/build/bootloader/esp8266/libesp8266.a(crc.o)
 .xtensa.info   0x0000000000000038        0x0 /home/guugen/esp/esp8266/ESP8266_RTOS_SDK/examples/peripherals/uart_echo/build/bootloader/esp8266/libesp8266.a(esp_fast_boot.o)
 .xtensa.info   0x0000000000000038        0x0 /home/guugen/esp/esp8266/ESP8266_RTOS_SDK/components/esp8266/lib/libcore.a(phy.o)
